root@localhost:~# cat /proc/cpuinfo 
processor	: 0
vendor_id	: AuthenticAMD
cpu family	: 6
model		: 2
model name	: QEMU Virtual CPU version 1.1.0
stepping	: 3
cpu MHz		: 2533.324
cache size	: 512 KB
fpu		: yes
fpu_exception	: yes
cpuid level	: 4
wp		: yes
flags		: fpu pse tsc msr pae mce cx8 apic sep mtrr pge mca cmov pat pse36 clflush mmx fxsr sse sse2 syscall nx lm up nopl pni cx16 popcnt hypervisor lahf_lm svm abm sse4a
bogomips	: 5066.64
TLB size	: 1024 4K pages
clflush size	: 64
cache_alignment	: 64
address sizes	: 40 bits physical, 48 bits virtual
power management:

root@localhost:~# ifconfig eth0 10.0.2.15
root@localhost:~# netperf -H 10.0.2.2 -l 60
TCP STREAM TEST from 0.0.0.0 (0.0.0.0) port 0 AF_INET to 10.0.2.2 (10.0.2.2) port 0 AF_INET
Recv   Send    Send                          
Socket Socket  Message  Elapsed              
Size   Size    Size     Time     Throughput  
bytes  bytes   bytes    secs.    10^6bits/sec  

 87380  16384  16384    60.00      45.94   
root@localhost:~# ping 10.0.2.2
PING 10.0.2.2 (10.0.2.2) 56(84) bytes of data.
64 bytes from 10.0.2.2: icmp_req=1 ttl=255 time=1.56 ms
64 bytes from 10.0.2.2: icmp_req=2 ttl=255 time=1.39 ms
^C
--- 10.0.2.2 ping statistics ---
2 packets transmitted, 2 received, 0% packet loss, time 1003ms
rtt min/avg/max/mdev = 1.399/1.479/1.560/0.089 ms
root@localhost:~# ifconfig 
eth0      Link encap:Ethernet  HWaddr 1a:46:0b:ca:bc:7b  
          inet addr:10.0.2.15  Bcast:10.255.255.255  Mask:255.0.0.0
          inet6 addr: fe80::1846:bff:feca:bc7b/64 Scope:Link
          UP BROADCAST RUNNING MULTICAST  MTU:1500  Metric:1
          RX packets:252359 errors:0 dropped:0 overruns:0 frame:0
          TX packets:252394 errors:0 dropped:0 overruns:0 carrier:0
          collisions:0 txqueuelen:1000 
          RX bytes:13628004 (12.9 MiB)  TX bytes:358172950 (341.5 MiB)

lo        Link encap:Local Loopback  
          inet addr:127.0.0.1  Mask:255.0.0.0
          inet6 addr: ::1/128 Scope:Host
          UP LOOPBACK RUNNING  MTU:16436  Metric:1
          RX packets:40 errors:0 dropped:0 overruns:0 frame:0
          TX packets:40 errors:0 dropped:0 overruns:0 carrier:0
          collisions:0 txqueuelen:0 
          RX bytes:2320 (2.2 KiB)  TX bytes:2320 (2.2 KiB)

virbr0    Link encap:Ethernet  HWaddr ce:cd:e8:7f:b2:9a  
          inet addr:192.168.122.1  Bcast:192.168.122.255  Mask:255.255.255.0
          UP BROADCAST MULTICAST  MTU:1500  Metric:1
          RX packets:0 errors:0 dropped:0 overruns:0 frame:0
          TX packets:0 errors:0 dropped:0 overruns:0 carrier:0
          collisions:0 txqueuelen:0 
          RX bytes:0 (0.0 B)  TX bytes:0 (0.0 B)

root@localhost:~# 


==============================================

root@localhost:~# dmesg
Initializing cgroup subsys cpuset
Initializing cgroup subsys cpu
Linux version 3.4.20-WR5.0.1.0_standard (lyang0@pek-lpgtest4) (gcc version 4.6.4 20120303 (prerelease) (GCC) ) #2 SMP PREEMPT Sun Dec 23 23:36:03 CST 2012
Command line: rootwait max_loop=255 ro clock=pit console=ttyS0,115200 root=LABEL=wr_usb_boot initrd=initrd BOOT_IMAGE=vmlinuz 
BIOS-provided physical RAM map:
 BIOS-e820: 0000000000000000 - 000000000009fc00 (usable)
 BIOS-e820: 000000000009fc00 - 00000000000a0000 (reserved)
 BIOS-e820: 00000000000f0000 - 0000000000100000 (reserved)
 BIOS-e820: 0000000000100000 - 000000003fffe000 (usable)
 BIOS-e820: 000000003fffe000 - 0000000040000000 (reserved)
 BIOS-e820: 00000000fffc0000 - 0000000100000000 (reserved)
NX (Execute Disable) protection: active
DMI 2.4 present.
DMI: Bochs Bochs, BIOS Bochs 01/01/2011
e820 update range: 0000000000000000 - 0000000000010000 (usable) ==> (reserved)
e820 remove range: 00000000000a0000 - 0000000000100000 (usable)
No AGP bridge found
last_pfn = 0x3fffe max_arch_pfn = 0x400000000
MTRR default type: write-back
MTRR fixed ranges enabled:
  00000-9FFFF write-back
  A0000-BFFFF uncachable
  C0000-FFFFF write-protect
MTRR variable ranges enabled:
  0 base 00E0000000 mask FFE0000000 uncachable
  1 disabled
  2 disabled
  3 disabled
  4 disabled
  5 disabled
  6 disabled
  7 disabled
x86 PAT enabled: cpu 0, old 0x7040600070406, new 0x7010600070106
found SMP MP-table at [ffff8800000fda30] fda30
initial memory mapped : 0 - 20000000
Base memory trampoline at [ffff88000009a000] 9a000 size 20480
init_memory_mapping: 0000000000000000-000000003fffe000
 0000000000 - 003fe00000 page 2M
 003fe00000 - 003fffe000 page 4k
kernel direct mapping tables up to 0x3fffdfff @ [mem 0x1fffd000-0x1fffffff]
RAMDISK: 3ff47000 - 3fffd000
ACPI: RSDP 00000000000fd8d0 00014 (v00 BOCHS )
ACPI: RSDT 000000003fffe4a0 00034 (v01 BOCHS  BXPCRSDT 00000001 BXPC 00000001)
ACPI: FACP 000000003fffff80 00074 (v01 BOCHS  BXPCFACP 00000001 BXPC 00000001)
ACPI: DSDT 000000003fffe4e0 011BC (v01   BXPC   BXDSDT 00000001 INTL 20120913)
ACPI: FACS 000000003fffff40 00040
ACPI: SSDT 000000003ffff800 00735 (v01 BOCHS  BXPCSSDT 00000001 BXPC 00000001)
ACPI: APIC 000000003ffff6e0 00078 (v01 BOCHS  BXPCAPIC 00000001 BXPC 00000001)
ACPI: HPET 000000003ffff6a0 00038 (v01 BOCHS  BXPCHPET 00000001 BXPC 00000001)
ACPI: Local APIC address 0xfee00000
No NUMA configuration found
Faking a node at 0000000000000000-000000003fffe000
Initmem setup node 0 0000000000000000-000000003fffe000
  NODE_DATA [000000003ff43000 - 000000003ff46fff]
 [ffffea0000000000-ffffea0000ffffff] PMD -> [ffff88003e600000-ffff88003f5fffff] on node 0
Zone PFN ranges:
  DMA      0x00000010 -> 0x00001000
  DMA32    0x00001000 -> 0x00100000
  Normal   empty
Movable zone start PFN for each node
Early memory PFN ranges
    0: 0x00000010 -> 0x0000009f
    0: 0x00000100 -> 0x0003fffe
On node 0 totalpages: 262029
  DMA zone: 64 pages used for memmap
  DMA zone: 5 pages reserved
  DMA zone: 3914 pages, LIFO batch:0
  DMA32 zone: 4032 pages used for memmap
  DMA32 zone: 254014 pages, LIFO batch:31
ACPI: PM-Timer IO Port: 0xb008
ACPI: Local APIC address 0xfee00000
ACPI: LAPIC (acpi_id[0x00] lapic_id[0x00] enabled)
ACPI: LAPIC_NMI (acpi_id[0xff] dfl dfl lint[0x1])
ACPI: IOAPIC (id[0x00] address[0xfec00000] gsi_base[0])
IOAPIC[0]: apic_id 0, version 17, address 0xfec00000, GSI 0-23
ACPI: INT_SRC_OVR (bus 0 bus_irq 0 global_irq 2 dfl dfl)
ACPI: INT_SRC_OVR (bus 0 bus_irq 5 global_irq 5 high level)
ACPI: INT_SRC_OVR (bus 0 bus_irq 9 global_irq 9 high level)
ACPI: INT_SRC_OVR (bus 0 bus_irq 10 global_irq 10 high level)
ACPI: INT_SRC_OVR (bus 0 bus_irq 11 global_irq 11 high level)
ACPI: IRQ0 used by override.
ACPI: IRQ2 used by override.
ACPI: IRQ5 used by override.
ACPI: IRQ9 used by override.
ACPI: IRQ10 used by override.
ACPI: IRQ11 used by override.
Using ACPI (MADT) for SMP configuration information
ACPI: HPET id: 0x8086a201 base: 0xfed00000
SMP: Allowing 1 CPUs, 0 hotplug CPUs
nr_irqs_gsi: 40
PM: Registered nosave memory: 000000000009f000 - 00000000000a0000
PM: Registered nosave memory: 00000000000a0000 - 00000000000f0000
PM: Registered nosave memory: 00000000000f0000 - 0000000000100000
Allocating PCI resources starting at 40000000 (gap: 40000000:bffc0000)
setup_percpu: NR_CPUS:24 nr_cpumask_bits:24 nr_cpu_ids:1 nr_node_ids:1
PERCPU: Embedded 27 pages/cpu @ffff88003fc00000 s80576 r8192 d21824 u2097152
pcpu-alloc: s80576 r8192 d21824 u2097152 alloc=1*2097152
pcpu-alloc: [0] 0 
Built 1 zonelists in Node order, mobility grouping on.  Total pages: 257928
Policy zone: DMA32
Kernel command line: rootwait max_loop=255 ro clock=pit console=ttyS0,115200 root=LABEL=wr_usb_boot initrd=initrd BOOT_IMAGE=vmlinuz 
Warning! clock= boot option is deprecated. Use clocksource=xyz
PID hash table entries: 4096 (order: 3, 32768 bytes)
Checking aperture...
No AGP bridge found
Memory: 1015844k/1048568k available (6728k kernel code, 452k absent, 32272k reserved, 6317k data, 728k init)
SLUB: Genslabs=15, HWalign=64, Order=0-3, MinObjects=0, CPUs=1, Nodes=1
Preemptible hierarchical RCU implementation.
NR_IRQS:4352 nr_irqs:256 16
Console: colour VGA+ 80x25
console [ttyS0] enabled
allocated 4194304 bytes of page_cgroup
please try 'cgroup_disable=memory' option if you don't want memory cgroups
hpet clockevent registered
Fast TSC calibration using PIT
Detected 2533.324 MHz processor.
Calibrating delay loop (skipped), value calculated using timer frequency.. 5066.64 BogoMIPS (lpj=2533324)
pid_max: default: 32768 minimum: 301
Security Framework initialized
Dentry cache hash table entries: 131072 (order: 8, 1048576 bytes)
Inode-cache hash table entries: 65536 (order: 7, 524288 bytes)
Mount-cache hash table entries: 256
Initializing cgroup subsys debug
Initializing cgroup subsys cpuacct
Initializing cgroup subsys memory
Initializing cgroup subsys devices
Initializing cgroup subsys freezer
Initializing cgroup subsys net_cls
Initializing cgroup subsys blkio
Initializing cgroup subsys net_prio
Initializing cgroup subsys tasks
SMP alternatives: switching to UP code
Freeing SMP alternatives: 28k freed
ACPI: Core revision 20120320
ftrace: allocating 24271 entries in 95 pages
..TIMER: vector=0x30 apic1=0 pin1=2 apic2=-1 pin2=-1
CPU0: AMD QEMU Virtual CPU version 1.1.0 stepping 03
Performance Events: Broken PMU hardware detected, using software events only.
Brought up 1 CPUs
Total of 1 processors activated (5066.64 BogoMIPS).
devtmpfs: initialized
NET: Registered protocol family 16
ACPI: bus type pci registered
PCI: Using configuration type 1 for base access
bio: create slab <bio-0> at 0
ACPI: Added _OSI(Module Device)
ACPI: Added _OSI(Processor Device)
ACPI: Added _OSI(3.0 _SCP Extensions)
ACPI: Added _OSI(Processor Aggregator Device)
ACPI: EC: Look up EC in DSDT
ACPI: Interpreter enabled
ACPI: (supports S0 S3 S4 S5)
ACPI: Using IOAPIC for interrupt routing
PCI: Using host bridge windows from ACPI; if necessary, use "pci=nocrs" and report a bug
ACPI: PCI Root Bridge [PCI0] (domain 0000 [bus 00-ff])
pci_root PNP0A03:00: host bridge window [io  0x0000-0x0cf7]
pci_root PNP0A03:00: host bridge window [io  0x0d00-0xffff]
pci_root PNP0A03:00: host bridge window [mem 0x000a0000-0x000bffff]
pci_root PNP0A03:00: host bridge window [mem 0x80000000-0xfebfffff]
PCI host bridge to bus 0000:00
pci_bus 0000:00: root bus resource [io  0x0000-0x0cf7]
pci_bus 0000:00: root bus resource [io  0x0d00-0xffff]
pci_bus 0000:00: root bus resource [mem 0x000a0000-0x000bffff]
pci_bus 0000:00: root bus resource [mem 0x80000000-0xfebfffff]
pci 0000:00:00.0: [8086:1237] type 00 class 0x060000
pci 0000:00:01.0: [8086:7000] type 00 class 0x060100
pci 0000:00:01.1: [8086:7010] type 00 class 0x010180
pci 0000:00:01.1: reg 20: [io  0xc060-0xc06f]
pci 0000:00:01.3: [8086:7113] type 00 class 0x068000
pci 0000:00:01.3: quirk: [io  0xb000-0xb03f] claimed by PIIX4 ACPI
pci 0000:00:01.3: quirk: [io  0xb100-0xb10f] claimed by PIIX4 SMB
pci 0000:00:02.0: [1013:00b8] type 00 class 0x030000
pci 0000:00:02.0: reg 10: [mem 0xfc000000-0xfdffffff pref]
pci 0000:00:02.0: reg 14: [mem 0xfebf0000-0xfebf0fff]
pci 0000:00:02.0: reg 30: [mem 0xfebd0000-0xfebdffff pref]
pci 0000:00:03.0: [1af4:1000] type 00 class 0x020000
pci 0000:00:03.0: reg 10: [io  0xc040-0xc05f]
pci 0000:00:03.0: reg 14: [mem 0xfebf1000-0xfebf1fff]
pci 0000:00:03.0: reg 30: [mem 0xfebe0000-0xfebeffff pref]
pci 0000:00:04.0: [1af4:1001] type 00 class 0x010000
pci 0000:00:04.0: reg 10: [io  0xc000-0xc03f]
pci 0000:00:04.0: reg 14: [mem 0xfebf2000-0xfebf2fff]
ACPI: PCI Interrupt Routing Table [\_SB_.PCI0._PRT]
 pci0000:00: Unable to request _OSC control (_OSC support mask: 0x1e)
ACPI: PCI Interrupt Link [LNKA] (IRQs 5 *10 11)
ACPI: PCI Interrupt Link [LNKB] (IRQs 5 *10 11)
ACPI: PCI Interrupt Link [LNKC] (IRQs 5 10 *11)
ACPI: PCI Interrupt Link [LNKD] (IRQs 5 10 *11)
vgaarb: device added: PCI:0000:00:02.0,decodes=io+mem,owns=io+mem,locks=none
vgaarb: loaded
vgaarb: bridge control possible 0000:00:02.0
SCSI subsystem initialized
libata version 3.00 loaded.
usbcore: registered new interface driver usbfs
usbcore: registered new interface driver hub
usbcore: registered new device driver usb
PCI: Using ACPI for IRQ routing
PCI: pci_cache_line_size set to 64 bytes
reserve RAM buffer: 000000000009fc00 - 000000000009ffff 
reserve RAM buffer: 000000003fffe000 - 000000003fffffff 
HPET: 3 timers in total, 0 timers will be used for per-cpu timer
hpet0: at MMIO 0xfed00000, IRQs 2, 8, 0
hpet0: 3 comparators, 64-bit 100.000000 MHz counter
Switching to clocksource hpet
pnp: PnP ACPI init
ACPI: bus type pnp registered
pnp 00:00: [bus 00-ff]
pnp 00:00: [io  0x0cf8-0x0cff]
pnp 00:00: [io  0x0000-0x0cf7 window]
pnp 00:00: [io  0x0d00-0xffff window]
pnp 00:00: [mem 0x000a0000-0x000bffff window]
pnp 00:00: [mem 0x80000000-0xfebfffff window]
pnp 00:00: Plug and Play ACPI device, IDs PNP0a03 (active)
pnp 00:01: [io  0x0070-0x0071]
pnp 00:01: [irq 8]
pnp 00:01: [io  0x0072-0x0077]
pnp 00:01: Plug and Play ACPI device, IDs PNP0b00 (active)
pnp 00:02: [io  0x0060]
pnp 00:02: [io  0x0064]
pnp 00:02: [irq 1]
pnp 00:02: Plug and Play ACPI device, IDs PNP0303 (active)
pnp 00:03: [irq 12]
pnp 00:03: Plug and Play ACPI device, IDs PNP0f13 (active)
pnp 00:04: [io  0x03f2-0x03f5]
pnp 00:04: [io  0x03f7]
pnp 00:04: [irq 6]
pnp 00:04: [dma 2]
pnp 00:04: Plug and Play ACPI device, IDs PNP0700 (active)
pnp 00:05: [io  0x0378-0x037f]
pnp 00:05: [irq 7]
pnp 00:05: Plug and Play ACPI device, IDs PNP0400 (active)
pnp 00:06: [io  0x03f8-0x03ff]
pnp 00:06: [irq 4]
pnp 00:06: Plug and Play ACPI device, IDs PNP0501 (active)
pnp 00:07: [irq 2 disabled]
pnp 00:07: [irq 8]
pnp 00:07: [mem 0xfed00000-0xfed003ff]
pnp 00:07: Plug and Play ACPI device, IDs PNP0103 (active)
pnp: PnP ACPI: found 8 devices
ACPI: ACPI bus type pnp unregistered
pci_bus 0000:00: resource 4 [io  0x0000-0x0cf7]
pci_bus 0000:00: resource 5 [io  0x0d00-0xffff]
pci_bus 0000:00: resource 6 [mem 0x000a0000-0x000bffff]
pci_bus 0000:00: resource 7 [mem 0x80000000-0xfebfffff]
NET: Registered protocol family 2
IP route cache hash table entries: 32768 (order: 6, 262144 bytes)
TCP established hash table entries: 131072 (order: 9, 2097152 bytes)
TCP bind hash table entries: 65536 (order: 8, 1048576 bytes)
TCP: Hash tables configured (established 131072 bind 65536)
TCP: reno registered
UDP hash table entries: 512 (order: 2, 16384 bytes)
UDP-Lite hash table entries: 512 (order: 2, 16384 bytes)
NET: Registered protocol family 1
RPC: Registered named UNIX socket transport module.
RPC: Registered udp transport module.
RPC: Registered tcp transport module.
RPC: Registered tcp NFSv4.1 backchannel transport module.
pci 0000:00:00.0: Limiting direct PCI/PCI transfers
pci 0000:00:01.0: PIIX3: Enabling Passive Release
pci 0000:00:01.0: Activating ISA DMA hang workarounds
pci 0000:00:02.0: Boot video device
PCI: CLS 0 bytes, default 64
Trying to unpack rootfs image as initramfs...
Freeing initrd memory: 728k freed
Registering unionfs 2.5.11 (for 3.3.0-rc3)
NFS: Registering the id_resolver key type
Btrfs loaded
msgmni has been set to 1985
Block layer SCSI generic (bsg) driver version 0.4 loaded (major 253)
io scheduler noop registered
io scheduler deadline registered
io scheduler cfq registered (default)
LTT : ltt-relay init
pci_hotplug: PCI Hot Plug PCI Core version: 0.5
input: Power Button as /devices/LNXSYSTM:00/LNXPWRBN:00/input/input0
ACPI: Power Button [PWRF]
ACPI: PCI Interrupt Link [LNKC] enabled at IRQ 11
virtio-pci 0000:00:03.0: setting latency timer to 64
ACPI: PCI Interrupt Link [LNKD] enabled at IRQ 10
virtio-pci 0000:00:04.0: setting latency timer to 64
Serial: 8250/16550 driver, 4 ports, IRQ sharing disabled
serial8250: ttyS0 at I/O 0x3f8 (irq = 4) is a 16550A
00:06: ttyS0 at I/O 0x3f8 (irq = 4) is a 16550A
brd: module loaded
loop: module loaded
virtio-pci 0000:00:04.0: irq 40 for MSI/MSI-X
virtio-pci 0000:00:04.0: irq 41 for MSI/MSI-X
 vda: vda1 vda2
vda: p2 size 3711015 extends beyond EOD, truncated
Uniform Multi-Platform E-IDE driver
piix 0000:00:01.1: IDE controller (0x8086:0x7010 rev 0x00)
piix 0000:00:01.1: not 100% native mode: will probe irqs later
pci 0000:00:01.1: setting latency timer to 64
    ide0: BM-DMA at 0xc060-0xc067
    ide1: BM-DMA at 0xc068-0xc06f
Probing IDE interface ide0...
Refined TSC clocksource calibration: 2533.314 MHz.
Switching to clocksource tsc
Probing IDE interface ide1...
hdc: QEMU DVD-ROM, ATAPI CD/DVD-ROM drive
hdc: host max PIO4 wanted PIO255(auto-tune) selected PIO0
hdc: MWDMA2 mode selected
ide0 at 0x1f0-0x1f7,0x3f6 on irq 14
ide1 at 0x170-0x177,0x376 on irq 15
ide-gd driver 1.18
ide-cd driver 5.00
ide-cd: hdc: ATAPI 4X DVD-ROM drive, 512kB Cache
cdrom: Uniform CD-ROM driver Revision: 3.20
tun: Universal TUN/TAP device driver, 1.6
tun: (C) 1999-2004 Max Krasnyansky <maxk@qualcomm.com>
virtio-pci 0000:00:03.0: irq 42 for MSI/MSI-X
virtio-pci 0000:00:03.0: irq 43 for MSI/MSI-X
virtio-pci 0000:00:03.0: irq 44 for MSI/MSI-X
pcnet32: pcnet32.c:v1.35 21.Apr.2008 tsbogend@alpha.franken.de
e100: Intel(R) PRO/100 Network Driver, 3.5.24-k2-NAPI
e100: Copyright(c) 1999-2006 Intel Corporation
e1000: Intel(R) PRO/1000 Network Driver - version 7.3.21-k8-NAPI
e1000: Copyright (c) 1999-2006 Intel Corporation.
e1000e: Intel(R) PRO/1000 Network Driver - 1.9.5-k
e1000e: Copyright(c) 1999 - 2012 Intel Corporation.
igb: Intel(R) Gigabit Ethernet Network Driver - version 3.2.10-k
igb: Copyright (c) 2007-2012 Intel Corporation.
igbvf: Intel(R) Gigabit Virtual Function Network Driver - version 2.0.1-k
igbvf: Copyright (c) 2009 - 2012 Intel Corporation.
ehci_hcd: USB 2.0 'Enhanced' Host Controller (EHCI) Driver
uhci_hcd: USB Universal Host Controller Interface driver
Initializing USB Mass Storage driver...
usbcore: registered new interface driver usb-storage
USB Mass Storage support registered.
i8042: PNP: PS/2 Controller [PNP0303:KBD,PNP0f13:MOU] at 0x60,0x64 irq 1,12
serio: i8042 KBD port at 0x60,0x64 irq 1
serio: i8042 AUX port at 0x60,0x64 irq 12
mousedev: PS/2 mouse device common for all mice
input: AT Translated Set 2 keyboard as /devices/platform/i8042/serio0/input/input1
rtc_cmos 00:01: RTC can wake from S4
rtc_cmos 00:01: rtc core: registered rtc_cmos as rtc0
rtc0: alarms up to one day, 114 bytes nvram, hpet irqs
md: linear personality registered for level -1
md: raid0 personality registered for level 0
md: raid1 personality registered for level 1
md: raid10 personality registered for level 10
md: multipath personality registered for level -4
md: faulty personality registered for level -5
device-mapper: ioctl: 4.22.0-ioctl (2011-10-19) initialised: dm-devel@redhat.com
cpuidle: using governor ladder
cpuidle: using governor menu
usbcore: registered new interface driver usbhid
usbhid: USB HID core driver
oprofile: using NMI interrupt.
TCP: cubic registered
NET: Registered protocol family 10
IPv6 over IPv4 tunneling driver
NET: Registered protocol family 17
Registering the dns_resolver key type
PM: Hibernation image not present or could not be loaded.
registered taskstats version 1
console [netcon0] enabled
netconsole: network logging started
rtc_cmos 00:01: setting system clock to 2012-12-24 16:00:17 UTC (1356364817)
Freeing unused kernel memory: 728k freed
Write protecting the kernel read-only data: 12288k
Freeing unused kernel memory: 1444k freed
Freeing unused kernel memory: 1600k freed
input: ImExPS/2 Generic Explorer Mouse as /devices/platform/i8042/serio1/input/input2
EXT3-fs (vda2): mounted filesystem with ordered data mode
kjournald starting.  Commit interval 5 seconds
parport_pc 00:05: reported by Plug and Play ACPI
parport0: PC-style at 0x378, irq 7 [PCSPP(,...)]
Floppy drive(s): fd0 is 1.44M
FDC 0 is a S82078B
kvm: Nested Virtualization enabled
end_request: I/O error, dev fd0, sector 0
end_request: I/O error, dev fd0, sector 0
end_request: I/O error, dev fd0, sector 0
EXT3-fs (vda2): using internal journal
Bridge firewalling registered
ip_tables: (C) 2000-2006 Netfilter Core Team
nf_conntrack version 0.5.0 (7971 buckets, 31884 max)
ADDRCONF(NETDEV_UP): virbr0: link is not ready
ip6_tables: (C) 2000-2006 Netfilter Core Team
eth0: no IPv6 routers present
root@localhost:~#  cat /proc/cmdline 
rootwait max_loop=255 ro clock=pit console=ttyS0,115200 root=LABEL=wr_usb_boot initrd=initrd BOOT_IMAGE=vmlinuz 
