

U-Boot 2015.01QorIQ-SDK-V1.8+g6ba8eed (Jun 14 2015 - 06:33:44)

CPU0:  T2080E, Version: 1.0, (0x85380010)
Core:  e6500, Version: 2.0, (0x80400020)
Clock Configuration:
       CPU0:1533.180 MHz, CPU1:1533.180 MHz, CPU2:1533.180 MHz, CPU3:1533.180 MHz, 
       CCB:599.940 MHz,
       DDR:799.980 MHz (1599.960 MT/s data rate) (Asynchronous), IFC:149.985 MHz
       FMAN1: 699.930 MHz
       QMAN:  299.970 MHz
       PME:   599.940 MHz
L1:    D-cache 32 KiB enabled
       I-cache 32 KiB enabled
Reset Configuration Word (RCW):
       00000000: 120c0017 15000000 00000000 00000000
       00000010: 66150002 00000000 ec027000 c1000000
       00000020: 00e00000 00000000 00000000 000307fc
       00000030: 00000000 00000000 00000000 00000004
Board: T2080RDB, Board rev: 0x01 CPLD ver: 0x03, boot from NOR vBank1
SERDES Reference Clocks:
SD1_CLK1=156.25MHZ, SD1_CLK2=100.00MHZ
SD2_CLK1=100.00MHZ, SD2_CLK2=100.00MHZ
I2C:   ready
SPI:   ready
DRAM:  Initializing....using SPD
Detected UDIMM 18KSF51272HZ-1G6K2
2 GiB left unmapped
4 GiB (DDR3, 64-bit, CL=11, ECC on)
       DDR Chip-Select Interleaving Mode: CS0+CS1
Flash: 128 MiB
L2:    2 MiB enabled
Corenet Platform Cache: 512 KiB enabled
Using SERDES1 Protocol: 102 (0x66)
Using SERDES2 Protocol: 21 (0x15)
SEC0: RNG instantiated
NAND:  512 MiB
MMC:   FSL_SDHC: 0
EEPROM: Invalid ID (ff ff ff ff)
PCIe1: Root Complex, x4 gen1, regs @ 0xfe240000
  01:00.0     - 8086:105e - Network controller
  01:00.1     - 8086:105e - Network controller
PCIe1: Bus 00 - 01
PCIe2: Root Complex, x2 gen1, regs @ 0xfe250000
  03:00.0     - 1957:0808 - Processor
PCIe2: Bus 02 - 03
PCIe3: disabled
PCIe4: Endpoint, undetermined, regs @ 0xfe270000
PCIe4: Bus 04 - 04
In:    serial
Out:   serial
Err:   serial
Net:   Fman1: Uploading microcode version 106.4.15
PHY reset timed out
Not found Cortina PHY ucode at 0xefe00000
PHY reset timed out
Not found Cortina PHY ucode at 0xefe00000
e1000: 00:15:17:b0:01:76
       e1000: 00:15:17:b0:01:77
       FM1@DTSEC3 [PRIME], FM1@DTSEC4, FM1@TGEC1, FM1@TGEC2, FM1@TGEC3, FM1@TGEC4, e1000#0
Warning: e1000#0 MAC addresses don't match:
Address in SROM is         00:15:17:b0:01:76
Address in environment is  00:04:9f:00:7a:06
, e1000#1
Warning: e1000#1 MAC addresses don't match:
Address in SROM is         00:15:17:b0:01:77
Address in environment is  00:04:9f:00:7a:07

Hit any key to stop autoboot:  3  0 
=> n
Unknown command 'n' - try 'help'
=> printenv
baudrate=115200
bdev=sda3
bootargs=root=/dev/nfs rw nfsroot=128.224.178.20:/export/pxeboot/vlm-boards/21919/rootfs ip=128.224.178.34:128.224.178.20:128.224.178.1:255.255.254.0:t2080rdb:eth2:off console=ttyS0,115200 oprofile.timer=1
bootcmd=run nfsboot
bootdelay=3
bootfile=vlm-boards/21919/kernel
consoledev=ttyS0
diskboot=setenv bootargs root=/dev/sda1 rootdelay=5 rw ip=$ipaddr:$serverip:$gatewayip:$netmask:$hostname:$netdev:off console=$consoledev,$baudrate $othbootargs;tftp $loadaddr $bootfile;tftp $fdtaddr $fdtfile;bootm $loadaddr - $fdtaddr
eth10addr=00:04:9f:00:7a:0a
eth11addr=00:04:9f:00:7a:0b
eth12addr=00:04:9f:00:7a:0c
eth13addr=00:04:9f:00:7a:0d
eth14addr=00:04:9f:00:7a:0e
eth15addr=00:04:9f:00:7a:0f
eth1addr=00:04:9f:00:7a:01
eth2addr=00:04:9f:00:7a:02
eth3addr=00:04:9f:00:7a:03
eth4addr=00:04:9f:00:7a:04
eth5addr=00:04:9f:00:7a:05
eth6addr=00:04:9f:00:7a:06
eth7addr=00:04:9f:00:7a:07
eth8addr=00:04:9f:00:7a:08
eth9addr=00:04:9f:00:7a:09
ethact=FM1@DTSEC3
ethaddr=00:04:9f:00:7a:00
ethprime=FM1@DTSEC3
fdtaddr=1900000
fdtfile=vlm-boards/21919/dtb
fileaddr=1900000
filesize=98ca
fman_ucode=eff00000
gatewayip=128.224.178.1
hostname=t2080rdb
hvboot=setenv bootargs console=ttyS0,115200 config-addr=0xfe8900000;bootm 0xfe8700000 - 0xfe8800000
hwconfig=fsl_ddr:ctlr_intlv=cacheline,bank_intlv=auto;usb1:dr_mode=peripheral,phy_type=utmi;fsl_fm1_xaui_phy:xfi
ipaddr=128.224.178.34
loadaddr=1000000
nb=setenv bootargs root=/dev/nfs rw nfsroot=$serverip:$rootpath ip=dhcp console=$consoledev,$baudrate $othbootargs;tftp $loadaddr $bootfile;tftp $fdtaddr $fdtfile;bootm $loadaddr - $fdtaddr
netdev=eth2
netmask=255.255.254.0
nfsboot=setenv bootargs root=/dev/nfs rw nfsroot=$serverip:$rootpath ip=$ipaddr:$serverip:$gatewayip:$netmask:$hostname:$netdev:off console=$consoledev,$baudrate $othbootargs;tftp $loadaddr $bootfile;tftp $fdtaddr $fdtfile;bootm $loadaddr - $fdtaddr
othbootargs=oprofile.timer=1
ramboot=setenv bootargs root=/dev/ram rw console=$consoledev,$baudrate $othbootargs;tftp $ramdiskaddr $ramdiskfile;tftp $loadaddr $bootfile;tftp $fdtaddr $fdtfile;bootm $loadaddr $ramdiskaddr $fdtaddr
ramdiskaddr=4000000
ramdiskfile=ramdisk.uboot
rootpath=/export/pxeboot/vlm-boards/21919/rootfs
sataboot=setenv bootargs root=/dev/sda1 rootdelay=5 rw console=$consoledev,$baudrate $othbootargs;bootm e8020000 - e8800000
sdaboot=setenv bootargs root=/dev/sda1 rw console=$consoledev,$baudrate $othbootargs;tftp $loadaddr $bootfile;tftp $fdtaddr $fdtfile;bootm $loadaddr - $fdtaddr
serverip=128.224.178.20
stderr=serial
stdin=serial
stdout=serial
tftpflash=tftpboot $loadaddr $uboot && protect off $ubootaddr +$filesize && erase $ubootaddr +$filesize && cp.b $loadaddr $ubootaddr $filesize && protect on $ubootaddr +$filesize && cmp.b $loadaddr $ubootaddr $filesize
uboot="u-boot.bin"
ubootaddr=0xeff40000

Environment size: 2933/8188 bytes
=> setenv ipaddr 128.224.178.34
=> setenv netmask 255.255.254.0
=> setenv serverip 128.224.178.20
=> setenv gatewayip 128.224.178.1
=> setenv bootargs 'root=/dev/nfs rw nfsroot=128.224.178.20:/export/pxeboot/vlm-boards/21919/rootfs TCF=1 ip=128.224.178.34:128.224.178.20:128.224.178.1:255.255.254.0:2080rdb:eth2:off console=ttyS0,115200 usb-storage.delay_use=10 selinux=0 enforcing=0'
=> sleep 3
=> tftp 1000000 vlm-boards/21919/kernel
Using FM1@DTSEC3 device
TFTP from server 128.224.178.20; our IP address is 128.224.178.34
Filename 'vlm-boards/21919/kernel'.
Load address: 0x1000000
Loading: *#################################################################
	 #################################################################
	 #################################################################
	 #################################################################
	 #################################################################
	 #################################################################
	 #################################################################
	 #################################################################
	 ##########################################################
	 2.5 MiB/s
done
Bytes transferred = 8475238 (815266 hex)
=> tftp 1900000 vlm-boards/21919/dtb
Using FM1@DTSEC3 device
TFTP from server 128.224.178.20; our IP address is 128.224.178.34
Filename 'vlm-boards/21919/dtb'.
Load address: 0x1900000
Loading: *###
	 1.7 MiB/s
done
Bytes transferred = 39114 (98ca hex)
=> bootm 1000000 - 1900000
WARNING: adjusting available memory to 30000000
## Booting kernel from Legacy Image at 01000000 ...
   Image Name:   Linux-4.1.21-WR9.0.0.0_standard
   Image Type:   PowerPC Linux Kernel Image (gzip compressed)
   Data Size:    8475174 Bytes = 8.1 MiB
   Load Address: 00000000
   Entry Point:  00000000
   Verifying Checksum ... OK
## Flattened Device Tree blob at 01900000
   Booting using the fdt blob at 0x1900000
   Uncompressing Kernel Image ... Error: inflate() returned -3
gzip compressed: uncompress error -1
Must RESET board to recover
